/home/raj/exam
raj
               total        used        free      shared  buff/cache   available
Mem:            16Gi       4.1Gi       9.3Gi       512Mi       2.6Gi        13Gi
Swap:          8.0Gi       1.2Gi       6.8Gi
Filesystem      Size  Used Avail Use% Mounted on
/dev/nvme0n1p3  500G   72G  418G  14% /
devtmpfs        8.0G     0  8.0G   0% /dev
tmpfs           7.8G   120K  7.7G   1% /dev/shm
efivarfs        380K  250K  130K  66% /sys/firmware/efi/efivars
tmpfs           3.2G   3.1M  3.2G   1% /run
tmpfs           1.0M     0  1.0M   0% /run/credentials/systemd-journald.service
/dev/nvme0n1p3  500G   72G  418G  14% /home
tmpfs           7.8G   20K  7.8G   1% /tmp
/dev/nvme0n1p2  980M  740M  200M  75% /boot
/dev/nvme0n1p1  600M   35M  565M   6% /boot/efi
tmpfs           1.0M     0  1.0M   0% /run/credentials/systemd-resolved.service
tmpfs           1.6G  4.0M  1.6G   1% /run/user/1000
total 12
-rw-r--r--. 1 raj raj 1350 Sep 25 11:05 Readme.md
-rw-r--r--. 1 raj raj  920 Sep 25 11:06 script.log
-rwxr-xr-x. 1 raj raj  275 Sep 25 11:04 script.sh

#!/bin/bash

# Print present working directory
pwd

# Print current user’s name
whoami

# Print memory resources available
free -h

# Print disk space available
df -h

# List all files in current directory
ls -la

# Print the contents of script.sh itself
cat script.sh
